\BOOKMARK [1][-]{section.1}{\376\377\000I\000n\000t\000r\000o\000d\000u\000c\000t\000i\000o\000n}{}% 1
\BOOKMARK [2][-]{subsection.1.1}{\376\377\000P\000r\000o\000b\000l\000e\000m\000\040\000C\000o\000n\000t\000e\000x\000t}{section.1}% 2
\BOOKMARK [2][-]{subsection.1.2}{\376\377\000R\000e\000l\000a\000t\000e\000d\000\040\000W\000o\000r\000k}{section.1}% 3
\BOOKMARK [2][-]{subsection.1.3}{\376\377\000R\000e\000s\000e\000a\000r\000c\000h\000\040\000G\000a\000p\000\040\000a\000n\000d\000\040\000C\000o\000n\000t\000r\000i\000b\000u\000t\000i\000o\000n\000s}{section.1}% 4
\BOOKMARK [1][-]{section.2}{\376\377\000S\000y\000s\000t\000e\000m\000\040\000M\000o\000d\000e\000l\000i\000n\000g\000\040\000a\000n\000d\000\040\000P\000r\000o\000b\000l\000e\000m\000\040\000F\000o\000r\000m\000u\000l\000a\000t\000i\000o\000n}{}% 5
\BOOKMARK [2][-]{subsection.2.1}{\376\377\000R\000e\000f\000e\000r\000e\000n\000c\000e\000\040\000O\000r\000b\000i\000t\000\040\000D\000y\000n\000a\000m\000i\000c\000s}{section.2}% 6
\BOOKMARK [2][-]{subsection.2.2}{\376\377\000N\000o\000n\000l\000i\000n\000e\000a\000r\000\040\000R\000e\000l\000a\000t\000i\000v\000e\000\040\000M\000o\000t\000i\000o\000n\000\040\000i\000n\000\040\000t\000h\000e\000\040\000L\000V\000L\000H\000\040\000F\000r\000a\000m\000e}{section.2}% 7
\BOOKMARK [2][-]{subsection.2.3}{\376\377\000S\000t\000a\000t\000e\000-\000D\000e\000p\000e\000n\000d\000e\000n\000t\000\040\000C\000o\000e\000f\000f\000i\000c\000i\000e\000n\000t\000\040\000P\000a\000r\000a\000m\000e\000t\000e\000r\000i\000z\000a\000t\000i\000o\000n}{section.2}% 8
\BOOKMARK [2][-]{subsection.2.4}{\376\377\000S\000D\000C\000\040\000P\000a\000r\000a\000m\000e\000t\000e\000r\000i\000z\000a\000t\000i\000o\000n\000\040\000N\000o\000n\000-\000U\000n\000i\000q\000u\000e\000n\000e\000s\000s}{section.2}% 9
\BOOKMARK [2][-]{subsection.2.5}{\376\377\000A\000n\000g\000l\000e\000s\000-\000O\000n\000l\000y\000\040\000M\000e\000a\000s\000u\000r\000e\000m\000e\000n\000t\000\040\000M\000o\000d\000e\000l}{section.2}% 10
\BOOKMARK [2][-]{subsection.2.6}{\376\377\000O\000p\000t\000i\000m\000a\000l\000\040\000A\000p\000p\000r\000o\000a\000c\000h\000\040\000C\000o\000n\000t\000r\000o\000l\000\040\000P\000r\000o\000b\000l\000e\000m}{section.2}% 11
\BOOKMARK [1][-]{section.3}{\376\377\000U\000n\000i\000f\000i\000e\000d\000\040\000E\000K\000F\000-\000S\000D\000R\000E\000\040\000F\000r\000a\000m\000e\000w\000o\000r\000k}{}% 12
\BOOKMARK [2][-]{subsection.3.1}{\376\377\000T\000h\000e\000\040\000U\000n\000i\000f\000i\000e\000d\000\040\000S\000D\000C\000\040\000P\000r\000i\000n\000c\000i\000p\000l\000e}{section.3}% 13
\BOOKMARK [2][-]{subsection.3.2}{\376\377\000N\000u\000m\000e\000r\000i\000c\000a\000l\000\040\000V\000a\000l\000i\000d\000a\000t\000i\000o\000n\000:\000\040\000S\000D\000C\000\040\000D\000i\000s\000c\000r\000e\000t\000i\000z\000a\000t\000i\000o\000n\000\040\000A\000c\000c\000u\000r\000a\000c\000y}{section.3}% 14
\BOOKMARK [2][-]{subsection.3.3}{\376\377\000A\000n\000g\000l\000e\000s\000-\000O\000n\000l\000y\000\040\000E\000x\000t\000e\000n\000d\000e\000d\000\040\000K\000a\000l\000m\000a\000n\000\040\000F\000i\000l\000t\000e\000r}{section.3}% 15
\BOOKMARK [3][-]{subsubsection.3.3.1}{\376\377\000I\000n\000i\000t\000i\000a\000l\000i\000z\000a\000t\000i\000o\000n}{subsection.3.3}% 16
\BOOKMARK [3][-]{subsubsection.3.3.2}{\376\377\000P\000r\000e\000d\000i\000c\000t\000i\000o\000n\000\040\000S\000t\000e\000p}{subsection.3.3}% 17
\BOOKMARK [3][-]{subsubsection.3.3.3}{\376\377\000U\000p\000d\000a\000t\000e\000\040\000S\000t\000e\000p}{subsection.3.3}% 18
\BOOKMARK [3][-]{subsubsection.3.3.4}{\376\377\000O\000b\000s\000e\000r\000v\000a\000b\000i\000l\000i\000t\000y\000\040\000C\000o\000n\000s\000i\000d\000e\000r\000a\000t\000i\000o\000n\000s}{subsection.3.3}% 19
\BOOKMARK [2][-]{subsection.3.4}{\376\377\000S\000D\000R\000E\000\040\000O\000p\000t\000i\000m\000a\000l\000\040\000C\000o\000n\000t\000r\000o\000l}{section.3}% 20
\BOOKMARK [3][-]{subsubsection.3.4.1}{\376\377\000S\000y\000m\000p\000l\000e\000c\000t\000i\000c\000\040\000B\000a\000l\000a\000n\000c\000i\000n\000g}{subsection.3.4}% 21
\BOOKMARK [3][-]{subsubsection.3.4.2}{\376\377\000C\000o\000n\000t\000r\000o\000l\000\040\000L\000a\000w}{subsection.3.4}% 22
\BOOKMARK [2][-]{subsection.3.5}{\376\377\000S\000p\000a\000r\000s\000e\000\040\000A\000R\000E\000\040\000U\000p\000d\000a\000t\000e\000s}{section.3}% 23
\BOOKMARK [1][-]{section.4}{\376\377\000S\000i\000m\000u\000l\000a\000t\000i\000o\000n\000\040\000S\000e\000t\000u\000p}{}% 24
\BOOKMARK [2][-]{subsection.4.1}{\376\377\000R\000e\000f\000e\000r\000e\000n\000c\000e\000\040\000S\000c\000e\000n\000a\000r\000i\000o}{section.4}% 25
\BOOKMARK [2][-]{subsection.4.2}{\376\377\000F\000i\000l\000t\000e\000r\000\040\000a\000n\000d\000\040\000C\000o\000n\000t\000r\000o\000l\000l\000e\000r\000\040\000C\000o\000n\000f\000i\000g\000u\000r\000a\000t\000i\000o\000n}{section.4}% 26
\BOOKMARK [2][-]{subsection.4.3}{\376\377\000E\000v\000a\000l\000u\000a\000t\000i\000o\000n\000\040\000M\000e\000t\000r\000i\000c\000s}{section.4}% 27
\BOOKMARK [2][-]{subsection.4.4}{\376\377\000E\000x\000p\000e\000r\000i\000m\000e\000n\000t\000a\000l\000\040\000G\000r\000o\000u\000p\000s}{section.4}% 28
\BOOKMARK [1][-]{section.5}{\376\377\000R\000e\000s\000u\000l\000t\000s\000\040\000a\000n\000d\000\040\000D\000i\000s\000c\000u\000s\000s\000i\000o\000n}{}% 29
\BOOKMARK [2][-]{subsection.5.1}{\376\377\000B\000a\000s\000e\000l\000i\000n\000e\000:\000\040\000A\000n\000g\000l\000e\000s\000-\000O\000n\000l\000y\000\040\000v\000s\000.\000\040\000F\000u\000l\000l\000-\000I\000n\000f\000o\000r\000m\000a\000t\000i\000o\000n\000\040\000\050\000E\000x\000p\000e\000r\000i\000m\000e\000n\000t\000\040\000A\000\051}{section.5}% 30
\BOOKMARK [2][-]{subsection.5.2}{\376\377\000S\000e\000n\000s\000o\000r\000\040\000N\000o\000i\000s\000e\000\040\000S\000e\000n\000s\000i\000t\000i\000v\000i\000t\000y\000\040\000\050\000E\000x\000p\000e\000r\000i\000m\000e\000n\000t\000\040\000B\000\051}{section.5}% 31
\BOOKMARK [2][-]{subsection.5.3}{\376\377\000M\000o\000n\000t\000e\000\040\000C\000a\000r\000l\000o\000\040\000S\000t\000a\000t\000i\000s\000t\000i\000c\000a\000l\000\040\000A\000n\000a\000l\000y\000s\000i\000s\000\040\000\050\000E\000x\000p\000e\000r\000i\000m\000e\000n\000t\000\040\000E\000\051}{section.5}% 32
\BOOKMARK [2][-]{subsection.5.4}{\376\377\000C\000W\000\040\000L\000i\000n\000e\000a\000r\000\040\000M\000o\000d\000e\000l\000\040\000B\000a\000s\000e\000l\000i\000n\000e\000\040\000\050\000E\000x\000p\000e\000r\000i\000m\000e\000n\000t\000\040\000C\000\051}{section.5}% 33
\BOOKMARK [2][-]{subsection.5.5}{\376\377\000O\000r\000b\000i\000t\000a\000l\000\040\000R\000e\000g\000i\000m\000e\000\040\000S\000e\000n\000s\000i\000t\000i\000v\000i\000t\000y\000\040\000\050\000E\000x\000p\000e\000r\000i\000m\000e\000n\000t\000\040\000D\000\051}{section.5}% 34
\BOOKMARK [2][-]{subsection.5.6}{\376\377\000D\000i\000s\000c\000u\000s\000s\000i\000o\000n}{section.5}% 35
\BOOKMARK [3][-]{subsubsection.5.6.1}{\376\377\000W\000h\000y\000\040\000S\000D\000C\000?\000\040\000T\000h\000e\000\040\000C\000a\000s\000e\000\040\000f\000o\000r\000\040\000U\000n\000i\000f\000i\000e\000d\000\040\000P\000a\000r\000a\000m\000e\000t\000e\000r\000i\000z\000a\000t\000i\000o\000n}{subsection.5.6}% 36
\BOOKMARK [3][-]{subsubsection.5.6.2}{\376\377\000E\000n\000g\000i\000n\000e\000e\000r\000i\000n\000g\000\040\000I\000m\000p\000l\000i\000c\000a\000t\000i\000o\000n\000s}{subsection.5.6}% 37
\BOOKMARK [3][-]{subsubsection.5.6.3}{\376\377\000L\000i\000m\000i\000t\000a\000t\000i\000o\000n\000s}{subsection.5.6}% 38
\BOOKMARK [1][-]{section.6}{\376\377\000C\000o\000n\000c\000l\000u\000s\000i\000o\000n\000s}{}% 39
